// Jest Snapshot v1, https://goo.gl/fbAQLP

exports[`createClient passes snapshot 1`] = `
Client {
  "activeOperations": Map {},
  "createOperationContext": [Function],
  "createRequestOperation": [Function],
  "dispatchOperation": [Function],
  "executeMutation": [Function],
  "executeQuery": [Function],
  "executeSubscription": [Function],
  "fetch": undefined,
  "fetchOptions": undefined,
  "maskTypename": false,
  "operations$": [Function],
  "preferGetMethod": false,
  "queue": Array [],
  "reexecuteOperation": [Function],
  "requestPolicy": "cache-first",
  "results$": [Function],
  "subscribeToDebugTarget": [Function],
  "suspense": false,
  "url": "https://hostname.com",
}
`;
